// Jest Snapshot v1, https://goo.gl/fbAQLP

exports[`Controls should match the snapshot 1`] = `
ShallowWrapper {
  "length": 1,
  Symbol(enzyme.__root__): [Circular],
  Symbol(enzyme.__unrendered__): <Controls
    clickCategory={[Function]}
    favorites={
        Array [
            Object {
              "favorite": false,
              "info": Object {
                "Class": "Wheeled",
                "Model": "Digger Crawler",
                "Passengers": "30",
              },
              "name": "Sand Crawler",
            },
            Object {
              "favorite": true,
              "info": Object {
                "Class": "repulsorcraft",
                "Model": "X-34 landspeeder",
                "Passengers": "1",
              },
              "name": "X-34 landspeeder",
            },
          ]
    }
/>,
  Symbol(enzyme.__renderer__): Object {
    "batchedUpdates": [Function],
    "getNode": [Function],
    "render": [Function],
    "simulateEvent": [Function],
    "unmount": [Function],
  },
  Symbol(enzyme.__node__): Object {
    "instance": null,
    "key": undefined,
    "nodeType": "host",
    "props": Object {
      "children": Array [
        <button
          className="compare-button character"
          onClick={[Function]}
          style={
                    Object {
                              "backgroundColor": "#feda4a",
                            }
          }
>
          People
</button>,
        <button
          className="compare-button planet"
          onClick={[Function]}
          style={
                    Object {
                              "backgroundColor": "",
                            }
          }
>
          Planets
</button>,
        <button
          className="compare-button vehicle"
          onClick={[Function]}
          style={
                    Object {
                              "backgroundColor": "",
                            }
          }
>
          Vehicles
</button>,
        <button
          className="compare-button favorite"
          onClick={[Function]}
          style={
                    Object {
                              "backgroundColor": "",
                            }
          }
>
          Favorites: 
          2
</button>,
      ],
      "className": "controls",
    },
    "ref": null,
    "rendered": Array [
      Object {
        "instance": null,
        "key": undefined,
        "nodeType": "host",
        "props": Object {
          "children": "People",
          "className": "compare-button character",
          "onClick": [Function],
          "style": Object {
            "backgroundColor": "#feda4a",
          },
        },
        "ref": null,
        "rendered": "People",
        "type": "button",
      },
      Object {
        "instance": null,
        "key": undefined,
        "nodeType": "host",
        "props": Object {
          "children": "Planets",
          "className": "compare-button planet",
          "onClick": [Function],
          "style": Object {
            "backgroundColor": "",
          },
        },
        "ref": null,
        "rendered": "Planets",
        "type": "button",
      },
      Object {
        "instance": null,
        "key": undefined,
        "nodeType": "host",
        "props": Object {
          "children": "Vehicles",
          "className": "compare-button vehicle",
          "onClick": [Function],
          "style": Object {
            "backgroundColor": "",
          },
        },
        "ref": null,
        "rendered": "Vehicles",
        "type": "button",
      },
      Object {
        "instance": null,
        "key": undefined,
        "nodeType": "host",
        "props": Object {
          "children": Array [
            "Favorites: ",
            2,
          ],
          "className": "compare-button favorite",
          "onClick": [Function],
          "style": Object {
            "backgroundColor": "",
          },
        },
        "ref": null,
        "rendered": Array [
          "Favorites: ",
          2,
        ],
        "type": "button",
      },
    ],
    "type": "div",
  },
  Symbol(enzyme.__nodes__): Array [
    Object {
      "instance": null,
      "key": undefined,
      "nodeType": "host",
      "props": Object {
        "children": Array [
          <button
            className="compare-button character"
            onClick={[Function]}
            style={
                        Object {
                                    "backgroundColor": "#feda4a",
                                  }
            }
>
            People
</button>,
          <button
            className="compare-button planet"
            onClick={[Function]}
            style={
                        Object {
                                    "backgroundColor": "",
                                  }
            }
>
            Planets
</button>,
          <button
            className="compare-button vehicle"
            onClick={[Function]}
            style={
                        Object {
                                    "backgroundColor": "",
                                  }
            }
>
            Vehicles
</button>,
          <button
            className="compare-button favorite"
            onClick={[Function]}
            style={
                        Object {
                                    "backgroundColor": "",
                                  }
            }
>
            Favorites: 
            2
</button>,
        ],
        "className": "controls",
      },
      "ref": null,
      "rendered": Array [
        Object {
          "instance": null,
          "key": undefined,
          "nodeType": "host",
          "props": Object {
            "children": "People",
            "className": "compare-button character",
            "onClick": [Function],
            "style": Object {
              "backgroundColor": "#feda4a",
            },
          },
          "ref": null,
          "rendered": "People",
          "type": "button",
        },
        Object {
          "instance": null,
          "key": undefined,
          "nodeType": "host",
          "props": Object {
            "children": "Planets",
            "className": "compare-button planet",
            "onClick": [Function],
            "style": Object {
              "backgroundColor": "",
            },
          },
          "ref": null,
          "rendered": "Planets",
          "type": "button",
        },
        Object {
          "instance": null,
          "key": undefined,
          "nodeType": "host",
          "props": Object {
            "children": "Vehicles",
            "className": "compare-button vehicle",
            "onClick": [Function],
            "style": Object {
              "backgroundColor": "",
            },
          },
          "ref": null,
          "rendered": "Vehicles",
          "type": "button",
        },
        Object {
          "instance": null,
          "key": undefined,
          "nodeType": "host",
          "props": Object {
            "children": Array [
              "Favorites: ",
              2,
            ],
            "className": "compare-button favorite",
            "onClick": [Function],
            "style": Object {
              "backgroundColor": "",
            },
          },
          "ref": null,
          "rendered": Array [
            "Favorites: ",
            2,
          ],
          "type": "button",
        },
      ],
      "type": "div",
    },
  ],
  Symbol(enzyme.__options__): Object {
    "adapter": ReactSixteenAdapter {
      "options": Object {
        "enableComponentDidUpdateOnSetState": true,
      },
    },
  },
}
`;
